// Jest Snapshot v1, https://goo.gl/fbAQLP

exports[`Signup UI should render correctly in "debug" mode 1`] = `
<Provider
  store={
    Object {
      "dispatch": [Function],
      "getState": [Function],
      "replaceReducer": [Function],
      "subscribe": [Function],
      Symbol(observable): [Function],
    }
  }
>
  <Connect(Signup) />
</Provider>
`;
